Extensions to add: polygon@1.4.0
Extensions to remove: yfinance@1.6.2

Building...
TEST_START
Providers: {'fred': ['.commodity.price.spot', '.economy.survey.sloos', '.economy.survey.university_of_michigan', '.economy.survey.economic_conditions_chicago', '.economy.survey.manufacturing_outlook_texas', '.economy.survey.manufacturing_outlook_ny', '.economy.survey.nonfarm_payrolls', '.economy.calendar', '.economy.cpi', '.economy.balance_of_payments', '.economy.fred_search', '.economy.fred_series', '.economy.fred_release_table', '.economy.fred_regional', '.economy.retail_prices', '.economy.pce', '.fixedincome.rate.ameribor', '.fixedincome.rate.sonia', '.fixedincome.rate.sofr', '.fixedincome.rate.iorb', '.fixedincome.rate.effr', '.fixedincome.rate.effr_forecast', '.fixedincome.rate.estr', '.fixedincome.rate.ecb', '.fixedincome.rate.dpcredit', '.fixedincome.rate.overnight_bank_funding', '.fixedincome.spreads.tcm', '.fixedincome.spreads.tcm_effr', '.fixedincome.spreads.treasury_effr', '.fixedincome.government.yield_curve', '.fixedincome.government.tips_yields', '.fixedincome.corporate.hqm', '.fixedincome.corporate.spot_rates', '.fixedincome.corporate.commercial_paper', '.fixedincome.bond_indices', '.fixedincome.mortgage_indices'], 'eia': ['.commodity.petroleum_status_report', '.commodity.short_term_energy_outlook'], 'government_us': ['.commodity.psd_data', '.commodity.psd_report', '.commodity.weather_bulletins', '.commodity.weather_bulletins_download', '.fixedincome.government.treasury_auctions', '.fixedincome.government.treasury_prices'], 'fmp': ['.crypto.price.historical', '.crypto.search', '.currency.price.historical', '.currency.search', '.currency.snapshots', '.economy.calendar', '.economy.risk_premium', '.equity.calendar.ipo', '.equity.calendar.dividend', '.equity.calendar.splits', '.equity.calendar.events', '.equity.calendar.earnings', '.equity.compare.peers', '.equity.estimates.price_target', '.equity.estimates.historical', '.equity.estimates.consensus', '.equity.estimates.forward_ebitda', '.equity.estimates.forward_eps', '.equity.discovery.gainers', '.equity.discovery.losers', '.equity.discovery.active', '.equity.discovery.filings', '.equity.fundamental.balance', '.equity.fundamental.balance_growth', '.equity.fundamental.cash', '.equity.fundamental.cash_growth', '.equity.fundamental.dividends', '.equity.fundamental.historical_eps', '.equity.fundamental.employee_count', '.equity.fundamental.income', '.equity.fundamental.income_growth', '.equity.fundamental.metrics', '.equity.fundamental.management', '.equity.fundamental.management_compensation', '.equity.fundamental.ratios', '.equity.fundamental.revenue_per_geography', '.equity.fundamental.revenue_per_segment', '.equity.fundamental.filings', '.equity.fundamental.historical_splits', '.equity.fundamental.transcript', '.equity.fundamental.esg_score', '.equity.ownership.major_holders', '.equity.ownership.institutional', '.equity.ownership.insider_trading', '.equity.ownership.share_statistics', '.equity.ownership.government_trades', '.equity.price.quote', '.equity.price.historical', '.equity.price.performance', '.equity.screener', '.equity.profile', '.equity.market_snapshots', '.equity.historical_market_cap', '.etf.search', '.etf.historical', '.etf.info', '.etf.sectors', '.etf.countries', '.etf.price_performance', '.etf.holdings', '.etf.nport_disclosure', '.etf.equity_exposure', '.fixedincome.government.yield_curve', '.fixedincome.government.treasury_rates', '.index.price.historical', '.index.constituents', '.index.available', '.news.world', '.news.company'], 'polygon': ['.crypto.price.historical', '.currency.price.historical', '.currency.search', '.currency.snapshots', '.equity.fundamental.balance', '.equity.fundamental.cash', '.equity.fundamental.income', '.equity.price.nbbo', '.equity.price.historical', '.equity.market_snapshots', '.etf.historical', '.index.price.historical', '.news.company'], 'tiingo': ['.crypto.price.historical', '.currency.price.historical', '.equity.fundamental.trailing_dividend_yield', '.equity.price.historical', '.etf.historical', '.news.world', '.news.company'], 'intrinio': ['.currency.search', '.derivatives.options.chains', '.derivatives.options.unusual', '.derivatives.options.snapshots', '.economy.fred_series', '.equity.calendar.ipo', '.equity.estimates.consensus', '.equity.estimates.forward_sales', '.equity.estimates.forward_ebitda', '.equity.estimates.forward_eps', '.equity.estimates.forward_pe', '.equity.fundamental.balance', '.equity.fundamental.cash', '.equity.fundamental.reported_financials', '.equity.fundamental.dividends', '.equity.fundamental.search_attributes', '.equity.fundamental.latest_attributes', '.equity.fundamental.historical_attributes', '.equity.fundamental.income', '.equity.fundamental.metrics', '.equity.fundamental.ratios', '.equity.fundamental.filings', '.equity.ownership.insider_trading', '.equity.ownership.share_statistics', '.equity.price.quote', '.equity.price.historical', '.equity.search', '.equity.profile', '.equity.market_snapshots', '.equity.historical_market_cap', '.etf.search', '.etf.historical', '.etf.info', '.etf.price_performance', '.etf.holdings', '.index.price.historical', '.news.world', '.news.company'], 'oecd': ['.economy.gdp.forecast', '.economy.gdp.nominal', '.economy.gdp.real', '.economy.cpi', '.economy.unemployment', '.economy.composite_leading_indicator', '.economy.share_price_index', '.economy.house_price_index', '.economy.interest_rates'], 'econdb': ['.economy.gdp.nominal', '.economy.gdp.real', '.economy.shipping.port_volume', '.economy.country_profile', '.economy.available_indicators', '.economy.indicators', '.economy.export_destinations', '.fixedincome.government.yield_curve'], 'imf': ['.economy.shipping.port_info', '.economy.shipping.port_volume', '.economy.shipping.chokepoint_info', '.economy.shipping.chokepoint_volume', '.economy.cpi', '.economy.available_indicators', '.economy.indicators', '.economy.direction_of_trade'], 'bls': ['.economy.survey.bls_series', '.economy.survey.bls_search'], 'federal_reserve': ['.economy.survey.inflation_expectations', '.economy.money_measures', '.economy.central_bank_holdings', '.economy.primary_dealer_positioning', '.economy.primary_dealer_fails', '.economy.fomc_documents', '.economy.total_factor_productivity', '.fixedincome.rate.sofr', '.fixedincome.rate.effr', '.fixedincome.rate.overnight_bank_funding', '.fixedincome.government.yield_curve', '.fixedincome.government.treasury_rates', '.fixedincome.government.svensson_yield_curve'], 'tradingeconomics': ['.economy.calendar'], 'sec': ['.equity.compare.company_facts', '.equity.discovery.latest_financial_reports', '.equity.fundamental.filings', '.equity.fundamental.management_discussion_analysis', '.equity.ownership.insider_trading', '.equity.ownership.form_13f', '.equity.shorts.fails_to_deliver', '.equity.search', '.etf.nport_disclosure', '.regulators.sec.filing_headers', '.regulators.sec.htm_file', '.regulators.sec.cik_map', '.regulators.sec.institutions_search', '.regulators.sec.schema_files', '.regulators.sec.symbol_map', '.regulators.sec.rss_litigation', '.regulators.sec.sic_search'], 'benzinga': ['.equity.estimates.price_target', '.equity.estimates.analyst_search', '.news.world', '.news.company'], 'cftc': ['.regulators.cftc.cot_search', '.regulators.cftc.cot'], 'congress_gov': ['.uscongress.bills', '.uscongress.bill_info', '.uscongress.bill_text']}
TEST_END
